// Jest Snapshot v1, https://goo.gl/fbAQLP

exports[`AlertConfirm component Should appear when the isOpen prop is equal to true 1`] = `
<div
  className="backdrop-alert"
>
  <div
    className="alert-container"
  >
    <div
      className="alert-header"
    >
      <h2
        className="alert-title"
      >
        Alerta de confirmação
      </h2>
    </div>
    <div
      className="alert-body"
    >
      <span>
        Descrição para o alerta de confirmação
      </span>
    </div>
    <div
      className="alert-footer"
    >
      <button
        className="alert-button alert-button-cancel"
        onClick={[Function]}
      >
        Cancelar
      </button>
      <button
        className="alert-button alert-button-confirm"
        onClick={[Function]}
      >
        Confirmar
      </button>
    </div>
  </div>
</div>
`;

exports[`AlertConfirm component Should desappear when the isOpen prop is equal to false 1`] = `null`;
